2026-04-30 09:45:13,444 - root - DEBUG - App started
2026-04-30 09:45:23,591 - root - ERROR - Could not load tide file(s): ['C:/_AK/Py313/TideFilter/TideFilter/project/RTK_TIDE/RTK_TIDE_CONTINUOS - Logfile 23Mar26.txt', 'C:/_AK/Py313/TideFilter/TideFilter/project/RTK_TIDE/RTK_TIDE_CONTINUOS - Logfile 24Mar26.txt', 'C:/_AK/Py313/TideFilter/TideFilter/project/RTK_TIDE/RTK_TIDE_CONTINUOS - Logfile 20Mar26.txt', 'C:/_AK/Py313/TideFilter/TideFilter/project/RTK_TIDE/RTK_TIDE_CONTINUOS - Logfile 21Mar26.txt', 'C:/_AK/Py313/TideFilter/TideFilter/project/RTK_TIDE/RTK_TIDE_CONTINUOS - Logfile 22Mar26.txt']
Traceback (most recent call last):
  File "C:\_AK\Py313\TideFilter\TideFilter\project\_src\SimpleTideFilter.py", line 157, in loadtide
    singletide['Timestamp'] = pd.Series([pd.Timestamp.combine(d, t) for d, t in
                                         ~~~~~~~~~~~~~~~~~~~~^^^^^^
  File "pandas/_libs/tslibs/timestamps.pyx", line 2579, in pandas._libs.tslibs.timestamps.Timestamp.combine
TypeError: combine() argument 2 must be datetime.time, not NaTType
2026-04-30 09:45:32,024 - root - ERROR - Could not load tide file(s): ['C:/_AK/Py313/TideFilter/TideFilter/project/RTK_TIDE/RTK_TIDE_CONTINUOS - Logfile 21Mar26.txt', 'C:/_AK/Py313/TideFilter/TideFilter/project/RTK_TIDE/RTK_TIDE_CONTINUOS - Logfile 22Mar26.txt', 'C:/_AK/Py313/TideFilter/TideFilter/project/RTK_TIDE/RTK_TIDE_CONTINUOS - Logfile 23Mar26.txt', 'C:/_AK/Py313/TideFilter/TideFilter/project/RTK_TIDE/RTK_TIDE_CONTINUOS - Logfile 24Mar26.txt', 'C:/_AK/Py313/TideFilter/TideFilter/project/RTK_TIDE/RTK_TIDE_CONTINUOS - Logfile 20Mar26.txt']
Traceback (most recent call last):
  File "C:\_AK\Py313\TideFilter\TideFilter\project\_src\SimpleTideFilter.py", line 144, in loadtide
    singletide = pd.read_csv(fName, sep=r',|;|\s|\t|,',
                             skiprows=[x for x in range(int(self.sp_linestoskip.value()))],
                             skip_blank_lines=True, header=None, names=FIELDFORMAT,
                             dtype='object', engine='python')
  File "C:\_AK\Py313\TideFilter\.venv\Lib\site-packages\pandas\io\parsers\readers.py", line 873, in read_csv
    return _read(filepath_or_buffer, kwds)
  File "C:\_AK\Py313\TideFilter\.venv\Lib\site-packages\pandas\io\parsers\readers.py", line 306, in _read
    return parser.read(nrows)
           ~~~~~~~~~~~^^^^^^^
  File "C:\_AK\Py313\TideFilter\.venv\Lib\site-packages\pandas\io\parsers\readers.py", line 1947, in read
    ) = self._engine.read(  # type: ignore[attr-defined]
        ~~~~~~~~~~~~~~~~~^^^^^^^^^^^^^^^^^^^^^^^^^^^^^^^
        nrows
        ^^^^^
    )
    ^
  File "C:\_AK\Py313\TideFilter\.venv\Lib\site-packages\pandas\io\parsers\python_parser.py", line 317, in read
    alldata = self._rows_to_cols(content)
  File "C:\_AK\Py313\TideFilter\.venv\Lib\site-packages\pandas\io\parsers\python_parser.py", line 1242, in _rows_to_cols
    self._alert_malformed(msg, row_num + 1)
    ~~~~~~~~~~~~~~~~~~~~~^^^^^^^^^^^^^^^^^^
  File "C:\_AK\Py313\TideFilter\.venv\Lib\site-packages\pandas\io\parsers\python_parser.py", line 964, in _alert_malformed
    raise ParserError(msg)
pandas.errors.ParserError: Expected 3 fields in line 18283, saw 5. Error could possibly be due to quotes being ignored when a multi-char delimiter is used.
